root@master tmp]# cat a.yml 
---
- hosts: webservers
  become: true
  become_user: root
  tasks:
  - name: install some package
    yum:
     name: gkjfkjgldflgj
     state: present
    ignore_errors: true
    tags:
     - amit
     - edureka
  - name: start the service
    service:
     name: httpd 
     state: started
    register: service_execution
    tags:
     - service
     - edureka
  - name: show status
    debug:
     var: service_execution.stat
[root@master tmp]# cat b.yml 
---
- hosts: webservers
  become: true
  become_user: root
  tasks:
  - name: copy the script
    copy:
     src: /tmp/a.sh
     dest: /tmp/
  - name: execute the script
    command: sh /tmp/a.sh
[root@master tmp]# cat c.yml 
---
- hosts: webservers
  become: true
  become_user: root
  vars:
   src_path: /tmp/index.html
   dest_path: /var/www/html
  tasks:
  - name: install package
    yum:
     name: httpd
     state: present
  - name: start the service
    service:
     name: httpd
     state: started
  - name: copy the file
    copy:
     src: "{{src_path}}"
     dest: "{{dest_path}}"
    notify: restart httpd
  handlers:
  - name: restart httpd
    service:
     name: httpd
     state: restarted
     
[root@master tmp]# cat d.yml 
---
- hosts: webservers
  become: true
  become_user: root
  tasks:
  - name: replace the content
    replace:
     dest: /tmp/a.txt
     regexp: 'thursday'
     replace: 'friday'
[root@master tmp]# cat e.yml 
---
- hosts: webservers
  become: true
  become_user: root
  tasks:
  - name: install the package
    yum:
     name: httpd1
     state: present
    ignore_errors: true
    register: task_a_result
  - name: start the service
    service:
     name: httpd
     state: started
    when: task_a_result.rc==0
[root@master tmp]# cat f.yml 
---
- hosts: webservers
  become: true
  become_user: root
  vars:
   jenkins_admin_username: edureka
   jenkins_admin_password: edureka
  roles:
  - geerlingguy.java
  - geerlingguy.jenkins
[root@master tmp]# cat g.yml 
---
- hosts: webservers
  become: true
  become_user: root
  tasks:
  - name: install all updates
    yum:
     name: '*'
     state: latest
    register: patching
[root@master tmp]# 
